
Discarded input sections

 .text          0x00000000        0x0 ./Project_Headers/tpm_inc.o
 .data          0x00000000        0x0 ./Project_Headers/tpm_inc.o
 .bss           0x00000000        0x0 ./Project_Headers/tpm_inc.o
 .ARM.attributes
                0x00000000       0x21 ./Project_Headers/tpm_inc.o
 .text          0x00000000        0x0 ./Project_Headers/pushb_inc.o
 .data          0x00000000        0x0 ./Project_Headers/pushb_inc.o
 .bss           0x00000000        0x0 ./Project_Headers/pushb_inc.o
 .ARM.attributes
                0x00000000       0x21 ./Project_Headers/pushb_inc.o
 .data          0x00000000        0x0 ./Project_Settings/CSE325_Lib/unsigned_int_div.o
 .bss           0x00000000        0x0 ./Project_Settings/CSE325_Lib/unsigned_int_div.o
 .text          0x00000000       0x20 ./Project_Settings/CSE325_Lib/signed_int_mod.o
 .data          0x00000000        0x0 ./Project_Settings/CSE325_Lib/signed_int_mod.o
 .bss           0x00000000        0x0 ./Project_Settings/CSE325_Lib/signed_int_mod.o
 .ARM.attributes
                0x00000000       0x21 ./Project_Settings/CSE325_Lib/signed_int_mod.o
 .debug_line    0x00000000       0x6c ./Project_Settings/CSE325_Lib/signed_int_mod.o
 .debug_info    0x00000000       0x8c ./Project_Settings/CSE325_Lib/signed_int_mod.o
 .debug_abbrev  0x00000000       0x14 ./Project_Settings/CSE325_Lib/signed_int_mod.o
 .debug_aranges
                0x00000000       0x20 ./Project_Settings/CSE325_Lib/signed_int_mod.o
 .data          0x00000000        0x0 ./Project_Settings/CSE325_Lib/signed_int_div.o
 .bss           0x00000000        0x0 ./Project_Settings/CSE325_Lib/signed_int_div.o
 .text          0x00000000        0x0 ./Project_Settings/CSE325_Lib/libcse325.o
 .data          0x00000000        0x0 ./Project_Settings/CSE325_Lib/libcse325.o
 .bss           0x00000000        0x0 ./Project_Settings/CSE325_Lib/libcse325.o
 .text          0x00000000        0x0 ./Project_Settings/Startup_Code/bare_startup.o
 .data          0x00000000        0x0 ./Project_Settings/Startup_Code/bare_startup.o
 .bss           0x00000000        0x0 ./Project_Settings/Startup_Code/bare_startup.o
 .data          0x00000000        0x0 ./Project_Settings/Startup_Code/bare_asm_startup.o
 .bss           0x00000000        0x0 ./Project_Settings/Startup_Code/bare_asm_startup.o
 .data          0x00000000        0x0 ./Sources/tpm.o
 .bss           0x00000000        0x0 ./Sources/tpm.o
 .text          0x00000000        0x0 ./Sources/systick.o
 .data          0x00000000        0x0 ./Sources/systick.o
 .bss           0x00000000        0x0 ./Sources/systick.o
 .text          0x00000000        0x0 ./Sources/simon.o
 .data          0x00000000        0x0 ./Sources/simon.o
 .bss           0x00000000        0x0 ./Sources/simon.o
 .text          0x00000000        0x0 ./Sources/sim.o
 .data          0x00000000        0x0 ./Sources/sim.o
 .bss           0x00000000        0x0 ./Sources/sim.o
 .text          0x00000000        0x0 ./Sources/rand.o
 .data          0x00000000        0x0 ./Sources/rand.o
 .bss           0x00000000        0x0 ./Sources/rand.o
 .data          0x00000000        0x0 ./Sources/pushb.o
 .bss           0x00000000        0x0 ./Sources/pushb.o
 .text          0x00000000        0x0 ./Sources/port.o
 .data          0x00000000        0x0 ./Sources/port.o
 .bss           0x00000000        0x0 ./Sources/port.o
 .text          0x00000000        0x0 ./Sources/main.o
 .data          0x00000000        0x0 ./Sources/main.o
 .bss           0x00000000        0x0 ./Sources/main.o
 .text          0x00000000        0x0 ./Sources/led.o
 .data          0x00000000        0x0 ./Sources/led.o
 .bss           0x00000000        0x0 ./Sources/led.o
 .text          0x00000000        0x0 ./Sources/gpio.o
 .data          0x00000000        0x0 ./Sources/gpio.o
 .bss           0x00000000        0x0 ./Sources/gpio.o
 .text          0x00000000        0x0 ./Sources/global.o
 .data          0x00000000        0x0 ./Sources/global.o
 .bss           0x00000000        0x0 ./Sources/global.o
 .rodata.GLOBAL_FREQ_EXT_CRYSTAL_HZ
                0x00000000        0x4 ./Sources/global.o
 .rodata.GLOBAL_FREQ_EXT_CRYSTAL_KHZ
                0x00000000        0x4 ./Sources/global.o
 .rodata.GLOBAL_FREQ_EXT_CRYSTAL_MHz
                0x00000000        0x4 ./Sources/global.o

Memory Configuration

Name             Origin             Length             Attributes
m_interrupts     0x00000000         0x000000c0         xr
m_cfmprotrom     0x00000400         0x00000010         xr
m_text           0x00000800         0x0003f800         xr
m_data           0x1fffe000         0x00008000         xrw
*default*        0x00000000         0xffffffff

Linker script and memory map

LOAD ./Project_Headers/tpm_inc.o
LOAD ./Project_Headers/pushb_inc.o
LOAD ./Project_Settings/CSE325_Lib/unsigned_int_div.o
LOAD ./Project_Settings/CSE325_Lib/signed_int_mod.o
LOAD ./Project_Settings/CSE325_Lib/signed_int_div.o
LOAD ./Project_Settings/CSE325_Lib/libcse325.o
LOAD ./Project_Settings/Startup_Code/bare_startup.o
LOAD ./Project_Settings/Startup_Code/bare_asm_startup.o
LOAD ./Sources/tpm.o
LOAD ./Sources/systick.o
LOAD ./Sources/simon.o
LOAD ./Sources/sim.o
LOAD ./Sources/rand.o
LOAD ./Sources/pushb.o
LOAD ./Sources/port.o
LOAD ./Sources/main.o
LOAD ./Sources/led.o
LOAD ./Sources/gpio.o
LOAD ./Sources/global.o
                0x20005ffc                __init_sp = 0x20005ffc

.interrupts     0x00000000       0xc0
                0x00000000                __vector_table = .
                0x00000000                . = ALIGN (0x4)
 *(.vectortable)
 .vectortable   0x00000000       0xc0 ./Project_Settings/Startup_Code/bare_startup.o
                0x00000000                bare_vector_table
                0x000000c0                . = ALIGN (0x4)

.cfmprotect     0x00000400        0x0
                0x00000400                . = ALIGN (0x4)
 *(.cfmconfig)
                0x00000400                . = ALIGN (0x4)

.text           0x00000800      0xc3c
                0x00000800                . = ALIGN (0x4)
 *(.text)
 .text          0x00000800       0x30 ./Project_Settings/CSE325_Lib/unsigned_int_div.o
                0x00000800                __aeabi_uidiv
                0x00000800                __aeabi_uidivmod
                0x00000800                __udivsi3
 .text          0x00000830       0x1e ./Project_Settings/CSE325_Lib/signed_int_div.o
                0x00000830                __divsi3
                0x00000830                __aeabi_idiv
 *fill*         0x0000084e        0x2 00
 .text          0x00000850       0x2c ./Project_Settings/Startup_Code/bare_asm_startup.o
                0x00000850                bare_sp_init
                0x00000860                bare_startup
 .text          0x0000087c      0x190 ./Sources/tpm.o
                0x0000087c                tpm_busy_delay_us
                0x0000092e                tpm_busy_delay_ms
 .text          0x00000a0c       0x38 ./Sources/pushb.o
                0x00000a0c                pushb_init
 *(.text*)
 .text.cse325_memcpy
                0x00000a44       0x4c ./Project_Settings/CSE325_Lib/libcse325.o
                0x00000a44                cse325_memcpy
 .text.cse325_memset
                0x00000a90       0x3c ./Project_Settings/CSE325_Lib/libcse325.o
                0x00000a90                cse325_memset
 .text.bare_bss_zero_fill
                0x00000acc       0x24 ./Project_Settings/Startup_Code/bare_startup.o
                0x00000acc                bare_bss_zero_fill
 .text.bare_clocks_init
                0x00000af0      0x154 ./Project_Settings/Startup_Code/bare_startup.o
 .text.bare_copy_rom_sections_to_ram
                0x00000c44       0x68 ./Project_Settings/Startup_Code/bare_startup.o
                0x00000c44                bare_copy_rom_sections_to_ram
 .text.bare_default_isr
                0x00000cac        0xc ./Project_Settings/Startup_Code/bare_startup.o
                0x00000cac                adc0_isr
                0x00000cac                portscd_isr
                0x00000cac                uart0_isr
                0x00000cac                i2c0_isr
                0x00000cac                slcd_isr
                0x00000cac                uart2_isr
                0x00000cac                spi1_isr
                0x00000cac                dma0_isr
                0x00000cac                hardfault_isr
                0x00000cac                i2c1_isr
                0x00000cac                lptimer_isr
                0x00000cac                tmp1_isr
                0x00000cac                spi0_isr
                0x00000cac                dma1_isr
                0x00000cac                systick_isr
                0x00000cac                dma3_isr
                0x00000cac                tsi0_isr
                0x00000cac                rtcalarm_isr
                0x00000cac                pendsv_isr
                0x00000cac                uart1_isr
                0x00000cac                porta_isr
                0x00000cac                ftfa_isr
                0x00000cac                pmc_isr
                0x00000cac                svc_isr
                0x00000cac                tpm0_isr
                0x00000cac                nmi_isr
                0x00000cac                dma2_isr
                0x00000cac                i2s0_isr
                0x00000cac                cmp0_isr
                0x00000cac                rtcsecs_isr
                0x00000cac                pit_isr
                0x00000cac                usbotg_isr
                0x00000cac                dac0_isr
                0x00000cac                bare_default_isr
                0x00000cac                mcg_isr
                0x00000cac                llw_isr
                0x00000cac                tmp2_isr
 .text.bare_hw_init
                0x00000cb8       0x30 ./Project_Settings/Startup_Code/bare_startup.o
                0x00000cb8                bare_hw_init
 .text.SysTick_init
                0x00000ce8       0x24 ./Sources/systick.o
                0x00000ce8                SysTick_init
 .text.systick_read
                0x00000d0c       0x14 ./Sources/systick.o
                0x00000d0c                systick_read
 .text.sequence_gen
                0x00000d20       0x34 ./Sources/simon.o
                0x00000d20                sequence_gen
 .text.reset_game
                0x00000d54       0x34 ./Sources/simon.o
                0x00000d54                reset_game
 .text.succeed  0x00000d88       0x50 ./Sources/simon.o
                0x00000d88                succeed
 .text.flash_phase
                0x00000dd8       0x8c ./Sources/simon.o
                0x00000dd8                flash_phase
 .text.failure  0x00000e64       0x20 ./Sources/simon.o
                0x00000e64                failure
 .text.response_phase
                0x00000e84      0x1b8 ./Sources/simon.o
                0x00000e84                response_phase
 .text.simon_play
                0x0000103c       0x48 ./Sources/simon.o
                0x0000103c                simon_play
 .text.enableSIM
                0x00001084       0x30 ./Sources/sim.o
                0x00001084                enableSIM
 .text.rand_init
                0x000010b4       0x50 ./Sources/rand.o
                0x000010b4                rand_init
 .text.rand_next
                0x00001104       0x50 ./Sources/rand.o
                0x00001104                rand_next
 .text.rand_between
                0x00001154       0x2c ./Sources/rand.o
                0x00001154                rand_between
 .text.porta_gpio_config
                0x00001180       0x38 ./Sources/port.o
                0x00001180                porta_gpio_config
 .text.portb_gpio_config
                0x000011b8       0x44 ./Sources/port.o
                0x000011b8                portb_gpio_config
 .text.portd_gpio_config
                0x000011fc       0x1c ./Sources/port.o
                0x000011fc                portd_gpio_config
 .text.hardware_init
                0x00001218       0x3c ./Sources/main.o
                0x00001218                hardware_init
 .text.main     0x00001254       0x14 ./Sources/main.o
                0x00001254                main
 .text.led_on   0x00001268       0x48 ./Sources/led.o
                0x00001268                led_on
 .text.led_all_on
                0x000012b0       0x30 ./Sources/led.o
                0x000012b0                led_all_on
 .text.led_off  0x000012e0       0x48 ./Sources/led.o
                0x000012e0                led_off
 .text.led_all_off
                0x00001328       0x30 ./Sources/led.o
                0x00001328                led_all_off
 .text.gpioa_pddr_config
                0x00001358       0x4c ./Sources/gpio.o
                0x00001358                gpioa_pddr_config
 .text.gpiob_pddr_config
                0x000013a4       0x4c ./Sources/gpio.o
                0x000013a4                gpiob_pddr_config
 .text.gpiod_pddr_config
                0x000013f0       0x4c ./Sources/gpio.o
                0x000013f0                gpiod_pddr_config
 *(.rodata)
 *(.rodata*)
                0x0000143c                . = ALIGN (0x4)
                0x0000143c                ___ROM_AT = .

.glue_7         0x0000143c        0x0
 .glue_7        0x00000000        0x0 linker stubs

.glue_7t        0x0000143c        0x0
 .glue_7t       0x00000000        0x0 linker stubs

.vfp11_veneer   0x0000143c        0x0
 .vfp11_veneer  0x00000000        0x0 linker stubs

.v4_bx          0x0000143c        0x0
 .v4_bx         0x00000000        0x0 linker stubs

.iplt           0x0000143c        0x0
 .iplt          0x00000000        0x0 ./Project_Settings/CSE325_Lib/unsigned_int_div.o

.rel.dyn        0x0000143c        0x0
 .rel.iplt      0x00000000        0x0 ./Project_Settings/CSE325_Lib/unsigned_int_div.o

.data           0x1fffe000       0x14 load address 0x0000143c
                0x1fffe000                . = ALIGN (0x4)
                0x1fffe000                __data_begin = .
 *(.data)
 *(.data*)
 .data.wait     0x1fffe000        0x4 ./Sources/simon.o
                0x1fffe000                wait
 .data.led_logic
                0x1fffe004        0x4 ./Sources/simon.o
                0x1fffe004                led_logic
 .data.A        0x1fffe008        0x4 ./Sources/rand.o
                0x1fffe008                A
 .data.C        0x1fffe00c        0x4 ./Sources/rand.o
                0x1fffe00c                C
 .data.M        0x1fffe010        0x4 ./Sources/rand.o
                0x1fffe010                M
                0x1fffe014                . = ALIGN (0x4)
                0x1fffe014                __data_end = .
                0x00000014                __data_size = (__data_end - __data_begin)

.igot.plt       0x1fffe014        0x0 load address 0x00001450
 .igot.plt      0x00000000        0x0 ./Project_Settings/CSE325_Lib/unsigned_int_div.o
                0x1fffe014                . = ALIGN (0x4)

.bss            0x1fffe014       0xfc load address 0x00001450
                0x1fffe014                PROVIDE (__bss_begin, .)
 *(.bss)
 *(.bss*)
 .bss.sequence  0x1fffe014       0xc8 ./Sources/simon.o
                0x1fffe014                sequence
 .bss.turn_complete
                0x1fffe0dc        0x4 ./Sources/simon.o
                0x1fffe0dc                turn_complete
 .bss.turn      0x1fffe0e0        0x4 ./Sources/simon.o
                0x1fffe0e0                turn
 .bss.i_backup  0x1fffe0e4        0x4 ./Sources/simon.o
                0x1fffe0e4                i_backup
 .bss.turn_backup
                0x1fffe0e8        0x4 ./Sources/simon.o
                0x1fffe0e8                turn_backup
 .bss.next      0x1fffe0ec        0x4 ./Sources/rand.o
                0x1fffe0ec                next
 .bss.prev      0x1fffe0f0        0x4 ./Sources/rand.o
                0x1fffe0f0                prev
 .bss.global_bus_clock_freq_mhz
                0x1fffe0f4        0x4 ./Sources/global.o
                0x1fffe0f4                global_bus_clock_freq_mhz
 .bss.global_core_clock_freq_mhz
                0x1fffe0f8        0x4 ./Sources/global.o
                0x1fffe0f8                global_core_clock_freq_mhz
 .bss.global_flash_clock_freq_mhz
                0x1fffe0fc        0x4 ./Sources/global.o
                0x1fffe0fc                global_flash_clock_freq_mhz
 .bss.global_mcgirclk_freq_mhz
                0x1fffe100        0x4 ./Sources/global.o
                0x1fffe100                global_mcgirclk_freq_mhz
 .bss.global_platform_clock_freq_mhz
                0x1fffe104        0x4 ./Sources/global.o
                0x1fffe104                global_platform_clock_freq_mhz
 .bss.global_oscerclk_freq_mhz
                0x1fffe108        0x4 ./Sources/global.o
                0x1fffe108                global_oscerclk_freq_mhz
 .bss.global_system_clock_freq_mhz
                0x1fffe10c        0x4 ./Sources/global.o
                0x1fffe10c                global_system_clock_freq_mhz
 *(COMMON)
                0x1fffe110                . = ALIGN (0x4)
                0x1fffe110                PROVIDE (__bss_end, .)
                0x00001450                __romp_at = (___ROM_AT + SIZEOF (.data))

.romp           0x1fffe110       0x18 load address 0x00001450
                0x00001450                __romp = __romp_at
                0x1fffe110        0x4 LONG 0x143c ___ROM_AT
                0x1fffe114        0x4 LONG 0x1fffe000 __data_begin
                0x1fffe118        0x4 LONG 0x14 __data_size
                0x1fffe11c        0x4 LONG 0x0
                0x1fffe120        0x4 LONG 0x0
                0x1fffe124        0x4 LONG 0x0
OUTPUT(p04.elf elf32-littlearm)

.ARM.attributes
                0x00000000       0x2d
 .ARM.attributes
                0x00000000       0x21 ./Project_Settings/CSE325_Lib/unsigned_int_div.o
 .ARM.attributes
                0x00000021       0x21 ./Project_Settings/CSE325_Lib/signed_int_div.o
 .ARM.attributes
                0x00000042       0x31 ./Project_Settings/CSE325_Lib/libcse325.o
 .ARM.attributes
                0x00000073       0x31 ./Project_Settings/Startup_Code/bare_startup.o
 .ARM.attributes
                0x000000a4       0x21 ./Project_Settings/Startup_Code/bare_asm_startup.o
 .ARM.attributes
                0x000000c5       0x21 ./Sources/tpm.o
 .ARM.attributes
                0x000000e6       0x31 ./Sources/systick.o
 .ARM.attributes
                0x00000117       0x31 ./Sources/simon.o
 .ARM.attributes
                0x00000148       0x31 ./Sources/sim.o
 .ARM.attributes
                0x00000179       0x31 ./Sources/rand.o
 .ARM.attributes
                0x000001aa       0x21 ./Sources/pushb.o
 .ARM.attributes
                0x000001cb       0x31 ./Sources/port.o
 .ARM.attributes
                0x000001fc       0x31 ./Sources/main.o
 .ARM.attributes
                0x0000022d       0x31 ./Sources/led.o
 .ARM.attributes
                0x0000025e       0x31 ./Sources/gpio.o
 .ARM.attributes
                0x0000028f       0x31 ./Sources/global.o

.comment        0x00000000       0x79
 .comment       0x00000000       0x79 ./Project_Settings/CSE325_Lib/libcse325.o
                                 0x7a (size before relaxing)
 .comment       0x00000000       0x7a ./Project_Settings/Startup_Code/bare_startup.o
 .comment       0x00000000       0x7a ./Sources/systick.o
 .comment       0x00000000       0x7a ./Sources/simon.o
 .comment       0x00000000       0x7a ./Sources/sim.o
 .comment       0x00000000       0x7a ./Sources/rand.o
 .comment       0x00000000       0x7a ./Sources/port.o
 .comment       0x00000000       0x7a ./Sources/main.o
 .comment       0x00000000       0x7a ./Sources/led.o
 .comment       0x00000000       0x7a ./Sources/gpio.o
 .comment       0x00000000       0x7a ./Sources/global.o

.debug_line     0x00000000      0xcf0
 .debug_line    0x00000000       0x78 ./Project_Settings/CSE325_Lib/unsigned_int_div.o
 .debug_line    0x00000078       0x6c ./Project_Settings/CSE325_Lib/signed_int_div.o
 .debug_line    0x000000e4       0xe2 ./Project_Settings/CSE325_Lib/libcse325.o
 .debug_line    0x000001c6      0x15b ./Project_Settings/Startup_Code/bare_startup.o
 .debug_line    0x00000321       0x72 ./Project_Settings/Startup_Code/bare_asm_startup.o
 .debug_line    0x00000393       0xf9 ./Sources/tpm.o
 .debug_line    0x0000048c       0xbc ./Sources/systick.o
 .debug_line    0x00000548      0x1c6 ./Sources/simon.o
 .debug_line    0x0000070e       0xa1 ./Sources/sim.o
 .debug_line    0x000007af       0xd8 ./Sources/rand.o
 .debug_line    0x00000887       0x56 ./Sources/pushb.o
 .debug_line    0x000008dd       0xca ./Sources/port.o
 .debug_line    0x000009a7      0x111 ./Sources/main.o
 .debug_line    0x00000ab8       0xe0 ./Sources/led.o
 .debug_line    0x00000b98       0xce ./Sources/gpio.o
 .debug_line    0x00000c66       0x8a ./Sources/global.o

.debug_info     0x00000000     0x17e6
 .debug_info    0x00000000       0x8e ./Project_Settings/CSE325_Lib/unsigned_int_div.o
 .debug_info    0x0000008e       0x8c ./Project_Settings/CSE325_Lib/signed_int_div.o
 .debug_info    0x0000011a       0xef ./Project_Settings/CSE325_Lib/libcse325.o
 .debug_info    0x00000209      0x6fc ./Project_Settings/Startup_Code/bare_startup.o
 .debug_info    0x00000905       0x90 ./Project_Settings/Startup_Code/bare_asm_startup.o
 .debug_info    0x00000995       0x6d ./Sources/tpm.o
 .debug_info    0x00000a02       0xeb ./Sources/systick.o
 .debug_info    0x00000aed      0x285 ./Sources/simon.o
 .debug_info    0x00000d72      0x2b1 ./Sources/sim.o
 .debug_info    0x00001023      0x11c ./Sources/rand.o
 .debug_info    0x0000113f       0x6f ./Sources/pushb.o
 .debug_info    0x000011ae      0x139 ./Sources/port.o
 .debug_info    0x000012e7       0xac ./Sources/main.o
 .debug_info    0x00001393      0x1c1 ./Sources/led.o
 .debug_info    0x00001554      0x17b ./Sources/gpio.o
 .debug_info    0x000016cf      0x117 ./Sources/global.o

.debug_abbrev   0x00000000      0x7e7
 .debug_abbrev  0x00000000       0x14 ./Project_Settings/CSE325_Lib/unsigned_int_div.o
 .debug_abbrev  0x00000014       0x14 ./Project_Settings/CSE325_Lib/signed_int_div.o
 .debug_abbrev  0x00000028       0x79 ./Project_Settings/CSE325_Lib/libcse325.o
 .debug_abbrev  0x000000a1      0x185 ./Project_Settings/Startup_Code/bare_startup.o
 .debug_abbrev  0x00000226       0x14 ./Project_Settings/Startup_Code/bare_asm_startup.o
 .debug_abbrev  0x0000023a       0x14 ./Sources/tpm.o
 .debug_abbrev  0x0000024e       0x9c ./Sources/systick.o
 .debug_abbrev  0x000002ea       0xfd ./Sources/simon.o
 .debug_abbrev  0x000003e7       0xa4 ./Sources/sim.o
 .debug_abbrev  0x0000048b       0x89 ./Sources/rand.o
 .debug_abbrev  0x00000514       0x14 ./Sources/pushb.o
 .debug_abbrev  0x00000528       0x99 ./Sources/port.o
 .debug_abbrev  0x000005c1       0x77 ./Sources/main.o
 .debug_abbrev  0x00000638       0xbe ./Sources/led.o
 .debug_abbrev  0x000006f6       0xaf ./Sources/gpio.o
 .debug_abbrev  0x000007a5       0x42 ./Sources/global.o

.debug_aranges  0x00000000      0x2a8
 .debug_aranges
                0x00000000       0x20 ./Project_Settings/CSE325_Lib/unsigned_int_div.o
 .debug_aranges
                0x00000020       0x20 ./Project_Settings/CSE325_Lib/signed_int_div.o
 .debug_aranges
                0x00000040       0x28 ./Project_Settings/CSE325_Lib/libcse325.o
 .debug_aranges
                0x00000068       0x40 ./Project_Settings/Startup_Code/bare_startup.o
 .debug_aranges
                0x000000a8       0x20 ./Project_Settings/Startup_Code/bare_asm_startup.o
 .debug_aranges
                0x000000c8       0x20 ./Sources/tpm.o
 .debug_aranges
                0x000000e8       0x28 ./Sources/systick.o
 .debug_aranges
                0x00000110       0x50 ./Sources/simon.o
 .debug_aranges
                0x00000160       0x20 ./Sources/sim.o
 .debug_aranges
                0x00000180       0x30 ./Sources/rand.o
 .debug_aranges
                0x000001b0       0x20 ./Sources/pushb.o
 .debug_aranges
                0x000001d0       0x30 ./Sources/port.o
 .debug_aranges
                0x00000200       0x28 ./Sources/main.o
 .debug_aranges
                0x00000228       0x38 ./Sources/led.o
 .debug_aranges
                0x00000260       0x30 ./Sources/gpio.o
 .debug_aranges
                0x00000290       0x18 ./Sources/global.o

.debug_loc      0x00000000      0x658
 .debug_loc     0x00000000       0x70 ./Project_Settings/CSE325_Lib/libcse325.o
 .debug_loc     0x00000070       0xf4 ./Project_Settings/Startup_Code/bare_startup.o
 .debug_loc     0x00000164       0x58 ./Sources/systick.o
 .debug_loc     0x000001bc      0x164 ./Sources/simon.o
 .debug_loc     0x00000320       0x38 ./Sources/sim.o
 .debug_loc     0x00000358       0x90 ./Sources/rand.o
 .debug_loc     0x000003e8       0x84 ./Sources/port.o
 .debug_loc     0x0000046c       0x64 ./Sources/main.o
 .debug_loc     0x000004d0       0xe0 ./Sources/led.o
 .debug_loc     0x000005b0       0xa8 ./Sources/gpio.o

.debug_macinfo  0x00000000   0x2170ec
 .debug_macinfo
                0x00000000    0x30991 ./Project_Settings/CSE325_Lib/libcse325.o
 .debug_macinfo
                0x00030991    0x309a7 ./Project_Settings/Startup_Code/bare_startup.o
 .debug_macinfo
                0x00061338    0x30994 ./Sources/systick.o
 .debug_macinfo
                0x00091ccc    0x30d2c ./Sources/simon.o
 .debug_macinfo
                0x000c29f8    0x30990 ./Sources/sim.o
 .debug_macinfo
                0x000f3388    0x309a3 ./Sources/rand.o
 .debug_macinfo
                0x00123d2b    0x30991 ./Sources/port.o
 .debug_macinfo
                0x001546bc    0x30d4a ./Sources/main.o
 .debug_macinfo
                0x00185406    0x309b4 ./Sources/led.o
 .debug_macinfo
                0x001b5dba    0x309b4 ./Sources/gpio.o
 .debug_macinfo
                0x001e676e    0x3097e ./Sources/global.o

.debug_str      0x00000000      0x7c0
 .debug_str     0x00000000      0x14c ./Project_Settings/CSE325_Lib/libcse325.o
                                0x158 (size before relaxing)
 .debug_str     0x0000014c      0x348 ./Project_Settings/Startup_Code/bare_startup.o
                                0x431 (size before relaxing)
 .debug_str     0x00000494       0x56 ./Sources/systick.o
                                0x140 (size before relaxing)
 .debug_str     0x000004ea       0xe2 ./Sources/simon.o
                                0x1cc (size before relaxing)
 .debug_str     0x000005cc       0x23 ./Sources/sim.o
                                0x1fb (size before relaxing)
 .debug_str     0x000005ef       0x48 ./Sources/rand.o
                                0x137 (size before relaxing)
 .debug_str     0x00000637       0x74 ./Sources/port.o
                                0x171 (size before relaxing)
 .debug_str     0x000006ab       0x25 ./Sources/main.o
                                0x10f (size before relaxing)
 .debug_str     0x000006d0       0x37 ./Sources/led.o
                                0x160 (size before relaxing)
 .debug_str     0x00000707       0x52 ./Sources/gpio.o
                                0x175 (size before relaxing)
 .debug_str     0x00000759       0x67 ./Sources/global.o
                                0x210 (size before relaxing)

.debug_frame    0x00000000      0x468
 .debug_frame   0x00000000       0x50 ./Project_Settings/CSE325_Lib/libcse325.o
 .debug_frame   0x00000050       0xa4 ./Project_Settings/Startup_Code/bare_startup.o
 .debug_frame   0x000000f4       0x48 ./Sources/systick.o
 .debug_frame   0x0000013c       0xe4 ./Sources/simon.o
 .debug_frame   0x00000220       0x30 ./Sources/sim.o
 .debug_frame   0x00000250       0x68 ./Sources/rand.o
 .debug_frame   0x000002b8       0x64 ./Sources/port.o
 .debug_frame   0x0000031c       0x4c ./Sources/main.o
 .debug_frame   0x00000368       0x90 ./Sources/led.o
 .debug_frame   0x000003f8       0x70 ./Sources/gpio.o
